// Jest Snapshot v1, https://jestjs.io/docs/snapshot-testing

exports[`RTK Query Schematics Integration File Generation should generate expected RTK files 1`] = `
[
  "/.editorconfig",
  "/tsconfig.json",
  "/test-output/claim.api.ts",
  "/test-output/interfaces/company-search-dto.interface.ts",
  "/test-output/interfaces/claim-detail-dto.interface.ts",
  "/test-output/interfaces/id-name-dto.interface.ts",
  "/test-output/interfaces/create-note-dto.interface.ts",
  "/test-output/interfaces/claim-note-view-dto.interface.ts",
  "/test-output/interfaces/type-mapping-test-dto.interface.ts",
  "/test-output/interfaces/base-entity.interface.ts",
  "/test-output/interfaces/auditable-entity.interface.ts",
  "/test-output/interfaces/full-claim-dto.type.ts",
  "/test-output/interfaces/notification.type.ts",
  "/test-output/interfaces/search-result.type.ts",
  "/test-output/enums/claim-statuses.enum.ts",
  "/test-output/enums/claim-type.enum.ts",
  "/test-output/enums/distribution-type.enum.ts",
  "/test-output/enums/nullable-of-distribution-type.enum.ts",
  "/test-output/enums/delivery-channel.enum.ts",
  "/th-common/store/api-base.ts",
]
`;

exports[`RTK Query Schematics Integration RTK API Slice Generation should generate full RTK API slice 1`] = `
"
import { api as baseApi } from '@th-common/store/api-base';

import { omitBy, isNil } from 'lodash-es';

import { IClaimDetailDTO } from './interfaces/claim-detail-dto.interface';
import { IClaimNoteViewDTO } from './interfaces/claim-note-view-dto.interface';
import { ICreateNoteDTO } from './interfaces/create-note-dto.interface';
import { ICompanySearchDTO } from './interfaces/company-search-dto.interface';
import { TClaimStatuses } from './enums/claim-statuses.enum';

export const claimApi = baseApi.injectEndpoints({
  overrideExisting: false,
  endpoints: (builder) => ({
    claimGetById: builder.query<IClaimDetailDTO, { id: number }>({
      query: ({ id }) => ({
        url: \`/claim/\${id}\`,
        method: 'GET',
      }),
    }),
    claimUpdateClaimById: builder.mutation<IClaimDetailDTO, { id: number; body: IClaimDetailDTO }>({
      query: ({ id, body }) => ({
        url: \`/claim/\${id}\`,
        method: 'PUT',
        body,
      }),
    }),
    claimGetServiceActionsByClaimId: builder.query<IClaimDetailDTO, { claimId: number }>({
      query: ({ claimId }) => ({
        url: \`/claim/\${claimId}/serviceActions\`,
        method: 'GET',
      }),
    }),
    claimCreateClaim: builder.mutation<void, { width?: number; height?: number; body: FormData }>({
      query: ({ width, height, body }) => ({
        url: '/claim',
        method: 'POST',
        body,
        params: { width, height },
      }),
    }),
    claimCreateClaimByIdNote: builder.mutation<IClaimNoteViewDTO, { id: number; body: ICreateNoteDTO }>({
      query: ({ id, body }) => ({
        url: \`/claim/\${id}/note\`,
        method: 'POST',
        body,
      }),
    }),
    claimUpdateClaimStatus: builder.mutation<void, { body: number }>({
      query: ({ body }) => ({
        url: '/claim/status',
        method: 'PUT',
        body,
      }),
    }),
    claimPostClaimAll: builder.mutation<IClaimDetailDTO, { body: ICompanySearchDTO }>({
      query: ({ body }) => ({
        url: '/claim/all',
        method: 'POST',
        body,
      }),
    }),
    claimPostClaimIds: builder.mutation<number[], { body: ICompanySearchDTO }>({
      query: ({ body }) => ({
        url: '/claim/ids',
        method: 'POST',
        body,
      }),
    }),
    claimUpdateClaimByIdReactivate: builder.mutation<void, { id: number }>({
      query: ({ id }) => ({
        url: \`/claim/\${id}/reactivate\`,
        method: 'PUT',
      }),
    }),
    claimDeleteClaimDeletemany: builder.mutation<boolean, { body: number[] }>({
      query: ({ body }) => ({
        url: '/claim/deletemany',
        method: 'DELETE',
        body,
      }),
    }),
    claimGetClaimServiceactions: builder.query<number[], { serviceActionId: number }>({
      query: ({ serviceActionId }) => ({
        url: '/claim/serviceactions',
        method: 'GET',
      }),
    }),
    claimGetClaimServiceactionsByServiceActionId: builder.query<number[], { serviceActionId: number }>({
      query: ({ serviceActionId }) => ({
        url: \`/claim/serviceactions/\${serviceActionId}\`,
        method: 'GET',
      }),
    }),
    claimGetClaimBystatus: builder.query<IClaimDetailDTO[], { id: string; status: TClaimStatuses }>({
      query: ({ id, status }) => ({
        url: '/claim/bystatus',
        method: 'GET',
        params: { id, status },
      }),
    }),
    claimUpdateClaimNoteById: builder.mutation<void, { body: ICreateNoteDTO }>({
      query: ({ body }) => ({
        url: \`/claim/note/\${body.id}\`,
        method: 'PUT',
        body,
      }),
    }),
    claimDeleteClaimSingleById: builder.mutation<void, { id: number }>({
      query: ({ id }) => ({
        url: \`/claim/single/\${id}\`,
        method: 'DELETE',
      }),
    }),
    claimDeleteClaimByFilter: builder.mutation<boolean, { status: string; force?: boolean }>({
      query: ({ status, force }) => ({
        url: '/claim/by-filter',
        method: 'DELETE',
        params: { status, force },
      }),
    }),
    claimGetClaimSearch: builder.query<IClaimDetailDTO[], { name: string; status?: string | null; priority?: number | null }>({
      query: ({ name, status, priority }) => ({
        url: '/claim/search',
        method: 'GET',
        params: omitBy({ name, status, priority }, isNil),
      }),
    }),
  }),
});"
`;
