// Jest Snapshot v1, https://jestjs.io/docs/snapshot-testing

exports[`API Helper - transformSwaggerSchema Full parsed schema structure should match snapshot 1`] = `
{
  "Claim": {
    "apiList": [
      {
        "apiMethodName": "getById",
        "apiMethodParamNames": [
          "id",
        ],
        "apiMethodParams": "id: number",
        "apiMethodRequestType": "{ id: number }",
        "apiMethodType": "get",
        "apiUrl": "\${id}",
        "apiUrlFormatted": "\`/\${id}\`",
        "bodyFormatted": "",
        "bodyParam": null,
        "cookieParams": [],
        "deprecated": undefined,
        "description": undefined,
        "hasOmittableQueryParams": false,
        "headerParams": [],
        "httpMethod": "GET",
        "isBinaryResponse": false,
        "isQuery": true,
        "operationId": undefined,
        "pathParams": [
          {
            "functionSymbol": "id: number",
            "interpolationSymbol": "\${id}",
            "objectSymbol": "id",
            "originalParam": {
              "description": undefined,
              "in": "path",
              "name": "id",
              "required": true,
              "schema": {
                "format": "int32",
                "type": "integer",
              },
            },
            "typeSymbol": "number",
          },
        ],
        "queryParams": [],
        "queryParamsFormatted": "",
        "requestMethod": "get",
        "response": {
          "content": {
            "application/json": {
              "schema": {
                "$ref": "#/components/schemas/ClaimDetailDTO",
              },
            },
          },
          "description": "Success",
        },
        "responseTypeSymbol": "IClaimDetailDTO",
        "scopedApiMethodName": "claimGetById",
        "summary": "Gets Claim",
      },
      {
        "apiMethodName": "updateClaimById",
        "apiMethodParamNames": [
          "id",
          "body",
        ],
        "apiMethodParams": "id: number, body: IClaimDetailDTO",
        "apiMethodRequestType": "{ id: number; body: IClaimDetailDTO }",
        "apiMethodType": "put",
        "apiUrl": "\${id}",
        "apiUrlFormatted": "\`/\${id}\`",
        "bodyFormatted": "body",
        "bodyParam": {
          "functionSymbol": "body: IClaimDetailDTO",
          "interpolationSymbol": "\${body}",
          "objectSymbol": "body",
          "originalParam": {
            "content": {
              "application/json": {
                "schema": {
                  "$ref": "#/components/schemas/ClaimDetailDTO",
                },
              },
            },
            "description": "",
            "required": true,
          },
          "typeSymbol": "IClaimDetailDTO",
        },
        "cookieParams": [],
        "deprecated": undefined,
        "description": undefined,
        "hasOmittableQueryParams": false,
        "headerParams": [],
        "httpMethod": "PUT",
        "isBinaryResponse": false,
        "isQuery": false,
        "operationId": undefined,
        "pathParams": [
          {
            "functionSymbol": "id: number",
            "interpolationSymbol": "\${id}",
            "objectSymbol": "id",
            "originalParam": {
              "description": undefined,
              "in": "path",
              "name": "id",
              "required": true,
              "schema": {
                "format": "int32",
                "type": "integer",
              },
            },
            "typeSymbol": "number",
          },
        ],
        "queryParams": [],
        "queryParamsFormatted": "",
        "requestMethod": "put",
        "response": {
          "content": {
            "application/json": {
              "schema": {
                "$ref": "#/components/schemas/ClaimDetailDTO",
              },
            },
          },
          "description": "Success",
        },
        "responseTypeSymbol": "IClaimDetailDTO",
        "scopedApiMethodName": "claimUpdateClaimById",
        "summary": "Updates Claim",
      },
      {
        "apiMethodName": "getServiceActionsByClaimId",
        "apiMethodParamNames": [
          "claimId",
        ],
        "apiMethodParams": "claimId: number",
        "apiMethodRequestType": "{ claimId: number }",
        "apiMethodType": "get",
        "apiUrl": "\${claimId}/serviceActions",
        "apiUrlFormatted": "\`/\${claimId}/serviceActions\`",
        "bodyFormatted": "",
        "bodyParam": null,
        "cookieParams": [],
        "deprecated": undefined,
        "description": undefined,
        "hasOmittableQueryParams": false,
        "headerParams": [],
        "httpMethod": "GET",
        "isBinaryResponse": false,
        "isQuery": true,
        "operationId": undefined,
        "pathParams": [
          {
            "functionSymbol": "claimId: number",
            "interpolationSymbol": "\${claimId}",
            "objectSymbol": "claimId",
            "originalParam": {
              "description": undefined,
              "in": "path",
              "name": "claimId",
              "required": true,
              "schema": {
                "format": "int32",
                "type": "integer",
              },
            },
            "typeSymbol": "number",
          },
        ],
        "queryParams": [],
        "queryParamsFormatted": "",
        "requestMethod": "get",
        "response": {
          "content": {
            "application/json": {
              "schema": {
                "$ref": "#/components/schemas/ClaimDetailDTO",
              },
            },
          },
          "description": "Success",
        },
        "responseTypeSymbol": "IClaimDetailDTO",
        "scopedApiMethodName": "claimGetServiceActionsByClaimId",
        "summary": undefined,
      },
      {
        "apiMethodName": "createClaim",
        "apiMethodParamNames": [
          "width",
          "height",
          "body",
        ],
        "apiMethodParams": "{ width, height }: { width?: number; height?: number }, body: FormData",
        "apiMethodRequestType": "{ width?: number; height?: number; body: FormData }",
        "apiMethodType": "post",
        "apiUrl": "",
        "apiUrlFormatted": "'/'",
        "bodyFormatted": "body",
        "bodyParam": {
          "functionSymbol": "body: FormData",
          "interpolationSymbol": "\${body}",
          "objectSymbol": "body",
          "originalParam": {
            "content": {
              "multipart/form-data": {
                "encoding": {
                  "formfiles": {
                    "style": "form",
                  },
                  "model": {
                    "style": "form",
                  },
                },
                "schema": {
                  "properties": {
                    "formfiles": {
                      "items": {
                        "format": "binary",
                        "type": "string",
                      },
                      "type": "array",
                    },
                    "model": {
                      "type": "string",
                    },
                  },
                  "type": "object",
                },
              },
            },
          },
          "typeSymbol": "FormData",
        },
        "cookieParams": [],
        "deprecated": undefined,
        "description": undefined,
        "hasOmittableQueryParams": true,
        "headerParams": [],
        "httpMethod": "POST",
        "isBinaryResponse": false,
        "isQuery": false,
        "operationId": undefined,
        "pathParams": [],
        "queryParams": [
          {
            "functionSymbol": "width?: number",
            "interpolationSymbol": "\${width}",
            "objectSymbol": "width",
            "originalParam": {
              "description": "Desired width of image for viewer",
              "in": "query",
              "name": "width",
              "required": false,
              "schema": {
                "default": 1280,
                "format": "int32",
                "type": "integer",
              },
            },
            "typeSymbol": "number",
          },
          {
            "functionSymbol": "height?: number",
            "interpolationSymbol": "\${height}",
            "objectSymbol": "height",
            "originalParam": {
              "description": "Desired height of image for viewer",
              "in": "query",
              "name": "height",
              "required": false,
              "schema": {
                "default": 800,
                "format": "int32",
                "type": "integer",
              },
            },
            "typeSymbol": "number",
          },
        ],
        "queryParamsFormatted": "params: omitBy({ width, height }, isNil)",
        "requestMethod": "post",
        "response": {
          "description": "Success",
        },
        "responseTypeSymbol": "void",
        "scopedApiMethodName": "claimCreateClaim",
        "summary": "Create claim",
      },
      {
        "apiMethodName": "createClaimByIdNote",
        "apiMethodParamNames": [
          "id",
          "body",
        ],
        "apiMethodParams": "id: number, body: ICreateNoteDTO",
        "apiMethodRequestType": "{ id: number; body: ICreateNoteDTO }",
        "apiMethodType": "post",
        "apiUrl": "\${id}/note",
        "apiUrlFormatted": "\`/\${id}/note\`",
        "bodyFormatted": "body",
        "bodyParam": {
          "functionSymbol": "body: ICreateNoteDTO",
          "interpolationSymbol": "\${body}",
          "objectSymbol": "body",
          "originalParam": {
            "content": {
              "application/json": {
                "schema": {
                  "$ref": "#/components/schemas/CreateNoteDTO",
                },
              },
            },
            "description": "",
            "required": true,
          },
          "typeSymbol": "ICreateNoteDTO",
        },
        "cookieParams": [],
        "deprecated": undefined,
        "description": undefined,
        "hasOmittableQueryParams": false,
        "headerParams": [],
        "httpMethod": "POST",
        "isBinaryResponse": false,
        "isQuery": false,
        "operationId": undefined,
        "pathParams": [
          {
            "functionSymbol": "id: number",
            "interpolationSymbol": "\${id}",
            "objectSymbol": "id",
            "originalParam": {
              "description": undefined,
              "in": "path",
              "name": "id",
              "required": true,
              "schema": {
                "format": "int32",
                "type": "integer",
              },
            },
            "typeSymbol": "number",
          },
        ],
        "queryParams": [],
        "queryParamsFormatted": "",
        "requestMethod": "post",
        "response": {
          "content": {
            "application/json": {
              "schema": {
                "$ref": "#/components/schemas/ClaimNoteViewDTO",
              },
            },
          },
          "description": "Success",
        },
        "responseTypeSymbol": "IClaimNoteViewDTO",
        "scopedApiMethodName": "claimCreateClaimByIdNote",
        "summary": "Creates Claim",
      },
      {
        "apiMethodName": "updateClaimStatus",
        "apiMethodParamNames": [
          "body",
        ],
        "apiMethodParams": "body: number",
        "apiMethodRequestType": "{ body: number }",
        "apiMethodType": "put",
        "apiUrl": "status",
        "apiUrlFormatted": "'/status'",
        "bodyFormatted": "body",
        "bodyParam": {
          "functionSymbol": "body: number",
          "interpolationSymbol": "\${body}",
          "objectSymbol": "body",
          "originalParam": {
            "content": {
              "application/json": {
                "schema": {
                  "format": "int32",
                  "type": "integer",
                },
              },
            },
            "description": "Id of claim",
            "required": true,
          },
          "typeSymbol": "number",
        },
        "cookieParams": [],
        "deprecated": undefined,
        "description": undefined,
        "hasOmittableQueryParams": false,
        "headerParams": [],
        "httpMethod": "PUT",
        "isBinaryResponse": false,
        "isQuery": false,
        "operationId": undefined,
        "pathParams": [],
        "queryParams": [],
        "queryParamsFormatted": "",
        "requestMethod": "put",
        "response": {
          "description": "Success",
        },
        "responseTypeSymbol": "void",
        "scopedApiMethodName": "claimUpdateClaimStatus",
        "summary": "Update claim status",
      },
      {
        "apiMethodName": "postClaimAll",
        "apiMethodParamNames": [
          "body",
        ],
        "apiMethodParams": "body: ICompanySearchDTO",
        "apiMethodRequestType": "{ body: ICompanySearchDTO }",
        "apiMethodType": "post",
        "apiUrl": "all",
        "apiUrlFormatted": "'/all'",
        "bodyFormatted": "body",
        "bodyParam": {
          "functionSymbol": "body: ICompanySearchDTO",
          "interpolationSymbol": "\${body}",
          "objectSymbol": "body",
          "originalParam": {
            "content": {
              "application/json": {
                "schema": {
                  "$ref": "#/components/schemas/CompanySearchDTO",
                },
              },
            },
            "description": "",
            "required": true,
          },
          "typeSymbol": "ICompanySearchDTO",
        },
        "cookieParams": [],
        "deprecated": undefined,
        "description": undefined,
        "hasOmittableQueryParams": false,
        "headerParams": [],
        "httpMethod": "POST",
        "isBinaryResponse": false,
        "isQuery": false,
        "operationId": undefined,
        "pathParams": [],
        "queryParams": [],
        "queryParamsFormatted": "",
        "requestMethod": "post",
        "response": {
          "content": {
            "application/json": {
              "schema": {
                "$ref": "#/components/schemas/ClaimDetailDTO",
              },
            },
          },
          "description": "Success",
        },
        "responseTypeSymbol": "IClaimDetailDTO",
        "scopedApiMethodName": "claimPostClaimAll",
        "summary": undefined,
      },
      {
        "apiMethodName": "postClaimIds",
        "apiMethodParamNames": [
          "body",
        ],
        "apiMethodParams": "body: ICompanySearchDTO",
        "apiMethodRequestType": "{ body: ICompanySearchDTO }",
        "apiMethodType": "post",
        "apiUrl": "ids",
        "apiUrlFormatted": "'/ids'",
        "bodyFormatted": "body",
        "bodyParam": {
          "functionSymbol": "body: ICompanySearchDTO",
          "interpolationSymbol": "\${body}",
          "objectSymbol": "body",
          "originalParam": {
            "content": {
              "application/json": {
                "schema": {
                  "$ref": "#/components/schemas/CompanySearchDTO",
                },
              },
            },
            "description": "Paging, sorting and filtering settings",
            "required": true,
          },
          "typeSymbol": "ICompanySearchDTO",
        },
        "cookieParams": [],
        "deprecated": undefined,
        "description": undefined,
        "hasOmittableQueryParams": false,
        "headerParams": [],
        "httpMethod": "POST",
        "isBinaryResponse": false,
        "isQuery": false,
        "operationId": undefined,
        "pathParams": [],
        "queryParams": [],
        "queryParamsFormatted": "",
        "requestMethod": "post",
        "response": {
          "content": {
            "application/json": {
              "schema": {
                "items": {
                  "format": "int32",
                  "type": "integer",
                },
                "type": "array",
              },
            },
          },
          "description": "Success",
        },
        "responseTypeSymbol": "number[]",
        "scopedApiMethodName": "claimPostClaimIds",
        "summary": undefined,
      },
      {
        "apiMethodName": "updateClaimByIdReactivate",
        "apiMethodParamNames": [
          "id",
        ],
        "apiMethodParams": "id: number",
        "apiMethodRequestType": "{ id: number }",
        "apiMethodType": "put",
        "apiUrl": "\${id}/reactivate",
        "apiUrlFormatted": "\`/\${id}/reactivate\`",
        "bodyFormatted": "{}",
        "bodyParam": null,
        "cookieParams": [],
        "deprecated": undefined,
        "description": undefined,
        "hasOmittableQueryParams": false,
        "headerParams": [],
        "httpMethod": "PUT",
        "isBinaryResponse": false,
        "isQuery": false,
        "operationId": undefined,
        "pathParams": [
          {
            "functionSymbol": "id: number",
            "interpolationSymbol": "\${id}",
            "objectSymbol": "id",
            "originalParam": {
              "description": undefined,
              "in": "path",
              "name": "id",
              "required": true,
              "schema": {
                "format": "int32",
                "type": "integer",
              },
            },
            "typeSymbol": "number",
          },
        ],
        "queryParams": [],
        "queryParamsFormatted": "",
        "requestMethod": "put",
        "response": {
          "description": "Success",
        },
        "responseTypeSymbol": "void",
        "scopedApiMethodName": "claimUpdateClaimByIdReactivate",
        "summary": "Update claim by id reactivate",
      },
      {
        "apiMethodName": "deleteClaimDeletemany",
        "apiMethodParamNames": [
          "body",
        ],
        "apiMethodParams": "body: number[]",
        "apiMethodRequestType": "{ body: number[] }",
        "apiMethodType": "delete",
        "apiUrl": "deletemany",
        "apiUrlFormatted": "'/deletemany'",
        "bodyFormatted": "body",
        "bodyParam": {
          "functionSymbol": "body: number[]",
          "interpolationSymbol": "\${body}",
          "objectSymbol": "body",
          "originalParam": {
            "content": {
              "application/json": {
                "schema": {
                  "items": {
                    "format": "int32",
                    "type": "integer",
                  },
                  "type": "array",
                },
              },
            },
            "description": "Ids of entities to delete",
            "required": true,
          },
          "typeSymbol": "number[]",
        },
        "cookieParams": [],
        "deprecated": undefined,
        "description": undefined,
        "hasOmittableQueryParams": false,
        "headerParams": [],
        "httpMethod": "DELETE",
        "isBinaryResponse": false,
        "isQuery": false,
        "operationId": undefined,
        "pathParams": [],
        "queryParams": [],
        "queryParamsFormatted": "",
        "requestMethod": "delete",
        "response": {
          "content": {
            "application/json": {
              "schema": {
                "type": "boolean",
              },
            },
          },
          "description": "Success",
        },
        "responseTypeSymbol": "boolean",
        "scopedApiMethodName": "claimDeleteClaimDeletemany",
        "summary": "Delete multiple entities",
      },
      {
        "apiMethodName": "getClaimServiceactions",
        "apiMethodParamNames": [
          "serviceActionId",
        ],
        "apiMethodParams": "serviceActionId: number",
        "apiMethodRequestType": "{ serviceActionId: number }",
        "apiMethodType": "get",
        "apiUrl": "serviceactions",
        "apiUrlFormatted": "'/serviceactions'",
        "bodyFormatted": "",
        "bodyParam": null,
        "cookieParams": [],
        "deprecated": undefined,
        "description": undefined,
        "hasOmittableQueryParams": false,
        "headerParams": [],
        "httpMethod": "GET",
        "isBinaryResponse": false,
        "isQuery": true,
        "operationId": undefined,
        "pathParams": [
          {
            "functionSymbol": "serviceActionId: number",
            "interpolationSymbol": "\${serviceActionId}",
            "objectSymbol": "serviceActionId",
            "originalParam": {
              "description": undefined,
              "in": "path",
              "name": "serviceActionId",
              "required": true,
              "schema": {
                "format": "int32",
                "type": "integer",
              },
            },
            "typeSymbol": "number",
          },
        ],
        "queryParams": [],
        "queryParamsFormatted": "",
        "requestMethod": "get",
        "response": {
          "content": {
            "application/json": {
              "schema": {
                "items": {
                  "format": "int32",
                  "type": "integer",
                },
                "type": "array",
              },
            },
          },
          "description": "Success",
        },
        "responseTypeSymbol": "number[]",
        "scopedApiMethodName": "claimGetClaimServiceactions",
        "summary": "Get service actions",
      },
      {
        "apiMethodName": "getClaimServiceactionsByServiceActionId",
        "apiMethodParamNames": [
          "serviceActionId",
        ],
        "apiMethodParams": "serviceActionId: number",
        "apiMethodRequestType": "{ serviceActionId: number }",
        "apiMethodType": "get",
        "apiUrl": "serviceactions/\${serviceActionId}",
        "apiUrlFormatted": "\`/serviceactions/\${serviceActionId}\`",
        "bodyFormatted": "",
        "bodyParam": null,
        "cookieParams": [],
        "deprecated": undefined,
        "description": undefined,
        "hasOmittableQueryParams": false,
        "headerParams": [],
        "httpMethod": "GET",
        "isBinaryResponse": false,
        "isQuery": true,
        "operationId": undefined,
        "pathParams": [
          {
            "functionSymbol": "serviceActionId: number",
            "interpolationSymbol": "\${serviceActionId}",
            "objectSymbol": "serviceActionId",
            "originalParam": {
              "description": undefined,
              "in": "path",
              "name": "serviceActionId",
              "required": true,
              "schema": {
                "format": "int32",
                "type": "integer",
              },
            },
            "typeSymbol": "number",
          },
        ],
        "queryParams": [],
        "queryParamsFormatted": "",
        "requestMethod": "get",
        "response": {
          "content": {
            "application/json": {
              "schema": {
                "items": {
                  "format": "int32",
                  "type": "integer",
                },
                "type": "array",
              },
            },
          },
          "description": "Success",
        },
        "responseTypeSymbol": "number[]",
        "scopedApiMethodName": "claimGetClaimServiceactionsByServiceActionId",
        "summary": "Get service actions",
      },
      {
        "apiMethodName": "getClaimBystatus",
        "apiMethodParamNames": [
          "id",
          "status",
        ],
        "apiMethodParams": "{ id, status }: { id: string; status: TClaimStatuses }",
        "apiMethodRequestType": "{ id: string; status: TClaimStatuses }",
        "apiMethodType": "get",
        "apiUrl": "bystatus",
        "apiUrlFormatted": "'/bystatus'",
        "bodyFormatted": "",
        "bodyParam": null,
        "cookieParams": [],
        "deprecated": undefined,
        "description": undefined,
        "hasOmittableQueryParams": false,
        "headerParams": [],
        "httpMethod": "GET",
        "isBinaryResponse": false,
        "isQuery": true,
        "operationId": undefined,
        "pathParams": [],
        "queryParams": [
          {
            "functionSymbol": "id: string",
            "interpolationSymbol": "\${id}",
            "objectSymbol": "id",
            "originalParam": {
              "description": undefined,
              "in": "query",
              "name": "id",
              "required": true,
              "schema": {
                "type": "string",
              },
            },
            "typeSymbol": "string",
          },
          {
            "functionSymbol": "status: TClaimStatuses",
            "interpolationSymbol": "\${status}",
            "objectSymbol": "status",
            "originalParam": {
              "description": "",
              "in": "query",
              "name": "status",
              "required": true,
              "schema": {
                "$ref": "#/components/schemas/ClaimStatuses",
              },
            },
            "typeSymbol": "TClaimStatuses",
          },
        ],
        "queryParamsFormatted": "params: { id, status }",
        "requestMethod": "get",
        "response": {
          "content": {
            "application/json": {
              "schema": {
                "items": {
                  "$ref": "#/components/schemas/ClaimDetailDTO",
                },
                "type": "array",
              },
            },
          },
          "description": "Success",
        },
        "responseTypeSymbol": "IClaimDetailDTO[]",
        "scopedApiMethodName": "claimGetClaimBystatus",
        "summary": "Get claims by status",
      },
      {
        "apiMethodName": "updateClaimNoteById",
        "apiMethodParamNames": [
          "body",
        ],
        "apiMethodParams": "body: ICreateNoteDTO",
        "apiMethodRequestType": "{ body: ICreateNoteDTO }",
        "apiMethodType": "put",
        "apiUrl": "note/\${body.id}",
        "apiUrlFormatted": "\`/note/\${body.id}\`",
        "bodyFormatted": "body",
        "bodyParam": {
          "functionSymbol": "body: ICreateNoteDTO",
          "interpolationSymbol": "\${body}",
          "objectSymbol": "body",
          "originalParam": {
            "content": {
              "application/json": {
                "schema": {
                  "$ref": "#/components/schemas/CreateNoteDTO",
                },
              },
            },
            "description": "Note data with id",
            "required": true,
          },
          "typeSymbol": "ICreateNoteDTO",
        },
        "cookieParams": [],
        "deprecated": undefined,
        "description": undefined,
        "hasOmittableQueryParams": false,
        "headerParams": [],
        "httpMethod": "PUT",
        "isBinaryResponse": false,
        "isQuery": false,
        "operationId": undefined,
        "pathParams": [],
        "queryParams": [],
        "queryParamsFormatted": "",
        "requestMethod": "put",
        "response": {
          "description": "Success",
        },
        "responseTypeSymbol": "void",
        "scopedApiMethodName": "claimUpdateClaimNoteById",
        "summary": "Update note by id",
      },
      {
        "apiMethodName": "deleteClaimSingleById",
        "apiMethodParamNames": [
          "id",
        ],
        "apiMethodParams": "id: number",
        "apiMethodRequestType": "{ id: number }",
        "apiMethodType": "delete",
        "apiUrl": "single/\${id}",
        "apiUrlFormatted": "\`/single/\${id}\`",
        "bodyFormatted": "",
        "bodyParam": null,
        "cookieParams": [],
        "deprecated": undefined,
        "description": undefined,
        "hasOmittableQueryParams": false,
        "headerParams": [],
        "httpMethod": "DELETE",
        "isBinaryResponse": false,
        "isQuery": false,
        "operationId": undefined,
        "pathParams": [
          {
            "functionSymbol": "id: number",
            "interpolationSymbol": "\${id}",
            "objectSymbol": "id",
            "originalParam": {
              "description": undefined,
              "in": "path",
              "name": "id",
              "required": true,
              "schema": {
                "format": "int32",
                "type": "integer",
              },
            },
            "typeSymbol": "number",
          },
        ],
        "queryParams": [],
        "queryParamsFormatted": "",
        "requestMethod": "delete",
        "response": {
          "description": "Success",
        },
        "responseTypeSymbol": "void",
        "scopedApiMethodName": "claimDeleteClaimSingleById",
        "summary": "Deletes Claim",
      },
      {
        "apiMethodName": "deleteClaimByFilter",
        "apiMethodParamNames": [
          "status",
          "force",
        ],
        "apiMethodParams": "{ status, force }: { status: string; force?: boolean }",
        "apiMethodRequestType": "{ status: string; force?: boolean }",
        "apiMethodType": "delete",
        "apiUrl": "by-filter",
        "apiUrlFormatted": "'/by-filter'",
        "bodyFormatted": "",
        "bodyParam": null,
        "cookieParams": [],
        "deprecated": undefined,
        "description": undefined,
        "hasOmittableQueryParams": true,
        "headerParams": [],
        "httpMethod": "DELETE",
        "isBinaryResponse": false,
        "isQuery": false,
        "operationId": undefined,
        "pathParams": [],
        "queryParams": [
          {
            "functionSymbol": "status: string",
            "interpolationSymbol": "\${status}",
            "objectSymbol": "status",
            "originalParam": {
              "description": undefined,
              "in": "query",
              "name": "status",
              "required": true,
              "schema": {
                "type": "string",
              },
            },
            "typeSymbol": "string",
          },
          {
            "functionSymbol": "force?: boolean",
            "interpolationSymbol": "\${force}",
            "objectSymbol": "force",
            "originalParam": {
              "description": undefined,
              "in": "query",
              "name": "force",
              "required": false,
              "schema": {
                "type": "boolean",
              },
            },
            "typeSymbol": "boolean",
          },
        ],
        "queryParamsFormatted": "params: omitBy({ status, force }, isNil)",
        "requestMethod": "delete",
        "response": {
          "content": {
            "application/json": {
              "schema": {
                "type": "boolean",
              },
            },
          },
          "description": "Success",
        },
        "responseTypeSymbol": "boolean",
        "scopedApiMethodName": "claimDeleteClaimByFilter",
        "summary": "Delete claims by filter",
      },
      {
        "apiMethodName": "getClaimSearch",
        "apiMethodParamNames": [
          "name",
          "status",
          "priority",
        ],
        "apiMethodParams": "{ name, status, priority }: { name: string; status?: string | null; priority?: number | null }",
        "apiMethodRequestType": "{ name: string; status?: string | null; priority?: number | null }",
        "apiMethodType": "get",
        "apiUrl": "search",
        "apiUrlFormatted": "'/search'",
        "bodyFormatted": "",
        "bodyParam": null,
        "cookieParams": [],
        "deprecated": undefined,
        "description": undefined,
        "hasOmittableQueryParams": true,
        "headerParams": [],
        "httpMethod": "GET",
        "isBinaryResponse": false,
        "isQuery": true,
        "operationId": undefined,
        "pathParams": [],
        "queryParams": [
          {
            "functionSymbol": "name: string",
            "interpolationSymbol": "\${name}",
            "objectSymbol": "name",
            "originalParam": {
              "description": undefined,
              "in": "query",
              "name": "name",
              "required": true,
              "schema": {
                "type": "string",
              },
            },
            "typeSymbol": "string",
          },
          {
            "functionSymbol": "status?: string | null",
            "interpolationSymbol": "\${status}",
            "objectSymbol": "status",
            "originalParam": {
              "description": undefined,
              "in": "query",
              "name": "status",
              "required": false,
              "schema": {
                "default": null,
                "type": "string",
              },
            },
            "typeSymbol": "string | null",
          },
          {
            "functionSymbol": "priority?: number | null",
            "interpolationSymbol": "\${priority}",
            "objectSymbol": "priority",
            "originalParam": {
              "description": undefined,
              "in": "query",
              "name": "priority",
              "required": false,
              "schema": {
                "default": null,
                "format": "int32",
                "type": "integer",
              },
            },
            "typeSymbol": "number | null",
          },
        ],
        "queryParamsFormatted": "params: omitBy({ name, status, priority }, isNil)",
        "requestMethod": "get",
        "response": {
          "content": {
            "application/json": {
              "schema": {
                "items": {
                  "$ref": "#/components/schemas/ClaimDetailDTO",
                },
                "type": "array",
              },
            },
          },
          "description": "Success",
        },
        "responseTypeSymbol": "IClaimDetailDTO[]",
        "scopedApiMethodName": "claimGetClaimSearch",
        "summary": "Search claims with optional filters",
      },
    ],
    "importRefs": [
      {
        "fileName": "claim-detail-dto",
        "importSymbol": "IClaimDetailDTO",
        "type": "interface",
      },
      {
        "fileName": "claim-note-view-dto",
        "importSymbol": "IClaimNoteViewDTO",
        "type": "interface",
      },
      {
        "fileName": "create-note-dto",
        "importSymbol": "ICreateNoteDTO",
        "type": "interface",
      },
      {
        "fileName": "company-search-dto",
        "importSymbol": "ICompanySearchDTO",
        "type": "interface",
      },
      {
        "fileName": "claim-statuses",
        "importSymbol": "TClaimStatuses",
        "type": "enum",
      },
    ],
    "name": "Claim",
  },
}
`;
